// Vitest Snapshot v1

exports[`svelte-preprocess-react > should fail on bindings 1`] = `"'count' is not a valid binding"`;

exports[`svelte-preprocess-react > should inject a script tag 1`] = `
"<script>
import sveltifyReact from \\"svelte-preprocess-react/sveltifyReact18\\";

const React$Counter = sveltifyReact(Counter);
</script>

<!-- Counter could be a global variable -->
<React$Counter />
"
`;

exports[`svelte-preprocess-react > should process <react:component> tags 1`] = `
"<script>import sveltifyReact from \\"svelte-preprocess-react/sveltifyReact18\\";
  // @ts-nocheck
  import Counter from \\"./Counter\\";

  let count = 1;
const React$Counter = sveltifyReact(Counter);</script>

<React$Counter
  {count}
  onCount={(next) => {
    count = next;
  }}
/>
<React$Counter count={2} onCount={() => {}} />
"
`;

exports[`svelte-preprocess-react > should support typescript when using preprocess 1`] = `
"<script lang=\\"ts\\">export let title;
</script>

<h1>{title}</h1>
"
`;
